{
  "version": 1,
  "description": "Permanent known/accepted secret-scan findings, keyed by fingerprint. See README.md.",
  "secrets": {
    "64c2aad6156fe1473b4f6db9af5b23865cde2df3f516f38574c9ebc966b7b159": {
      "reason": "public minisign key, explicitly documented as safe to publish (docs/features/RELEASING.md)",
      "example": "docs/features/RELEASING.md:48"
    },
    "b42f2918c09e4ed98609945bae14f39c10e76a1cd937ea67f2b572a6d7503610": {
      "reason": "npm lockfile integrity hash (sha512), not a secret",
      "example": "package-lock.json:17"
    },
    "c43dee9ffb6c3e531e1cb45afb7ce2564e6656ef98b73d99de0e51cf82fe066a": {
      "reason": "npm lockfile integrity hash (sha512), not a secret",
      "example": "package-lock.json:47"
    },
    "a472668246b817743bda8138eab94e15e5a0742f0ea9021c18d20a59b82c7375": {
      "reason": "npm lockfile integrity hash (sha512), not a secret",
      "example": "package-lock.json:64"
    },
    "6f325420d7eb7a3937ca810f543bba08090cfbf55d69a94e1d65139196382ef2": {
      "reason": "npm lockfile integrity hash (sha512), not a secret",
      "example": "package-lock.json:81"
    },
    "16a4a385e48ed1ed28d1e383783775da5072922eacdc62079828a2d9c5e47f3d": {
      "reason": "npm lockfile integrity hash (sha512), not a secret",
      "example": "package-lock.json:98"
    },
    "9bfc722e9e659a531c53d5fcd7eb0e80284a683578c6a72f141bd947e61e1b03": {
      "reason": "npm lockfile integrity hash (sha512), not a secret",
      "example": "package-lock.json:118"
    },
    "460a4179757127e7c52245cfaf59cd27eb463c59408717fd41f1fa46937b2003": {
      "reason": "npm lockfile integrity hash (sha512), not a secret",
      "example": "package-lock.json:138"
    },
    "d6041acaef49bd9681bc5f40e4fa3c37882fea9a9deda172d57a2f0f25cbd3c9": {
      "reason": "npm lockfile integrity hash (sha512), not a secret",
      "example": "package-lock.json:158"
    },
    "870bfecbccf3682a5dbd69a4f522f29fe46e48b8f1ca52396295a7f511cf319a": {
      "reason": "npm lockfile integrity hash (sha512), not a secret",
      "example": "package-lock.json:178"
    },
    "16615667d46bb5de3d12768293a06d322a64e2e04a62a6dcdbec98957600ec54": {
      "reason": "npm lockfile integrity hash (sha512), not a secret",
      "example": "package-lock.json:198"
    },
    "a407c62137bac4687b51d62c397b77f354be0f0dd42dc93c2bac3602fdb1787a": {
      "reason": "npm lockfile integrity hash (sha512), not a secret",
      "example": "package-lock.json:215"
    },
    "c2a11c23833747e16bcd579b20f44d7179ee5d05c399d5e6b2008e6ba37d9b2b": {
      "reason": "npm lockfile integrity hash (sha512), not a secret",
      "example": "package-lock.json:232"
    },
    "164a51cd1cdc040883f4e0d5bc3be6183e6db60296114e68e78c604b53f49389": {
      "reason": "npm lockfile integrity hash (sha512), not a secret",
      "example": "ui/package-lock.json:31"
    },
    "6d8c83403e5272ce82a51ff49d7200aa0b03ae47811fbbe9ed287af6d0106b38": {
      "reason": "npm lockfile integrity hash (sha512), not a secret",
      "example": "ui/package-lock.json:45"
    },
    "f417d80d6a1ea1fd5bb338a0c9712a46183578564fbcb40b760254a2cb1c71ee": {
      "reason": "npm lockfile integrity hash (sha512), not a secret",
      "example": "ui/package-lock.json:62"
    },
    "0ac5c38f20077a6143c487a43266d2ab690176427e3a8d75abcf3af09df81646": {
      "reason": "npm lockfile integrity hash (sha512), not a secret",
      "example": "ui/package-lock.json:79"
    },
    "e7670e6e8325a275456d3072f71957711096d5b13ef0875e6da6549ced41e880": {
      "reason": "npm lockfile integrity hash (sha512), not a secret",
      "example": "ui/package-lock.json:96"
    },
    "ba7ee2c082872bdcd18cb95abcbc497dccee0ae59dded44f3968476251c2f951": {
      "reason": "npm lockfile integrity hash (sha512), not a secret",
      "example": "ui/package-lock.json:113"
    },
    "aa396ba8d6ae5f3e9391357b1e6f2f718e28041341c7332c662af79aa2f1b6a5": {
      "reason": "npm lockfile integrity hash (sha512), not a secret",
      "example": "ui/package-lock.json:130"
    },
    "a085d34f59a44fd4a03e2982e736c6179f0cfc9cc1611a43d94e8f0626e1fd0e": {
      "reason": "npm lockfile integrity hash (sha512), not a secret",
      "example": "ui/package-lock.json:147"
    },
    "a8de1c30042cb95af52d41b0f88be1b4eee6593f171997445a0c471b58853185": {
      "reason": "npm lockfile integrity hash (sha512), not a secret",
      "example": "ui/package-lock.json:164"
    },
    "5f2b1327ee80c34170d9d39d1f019bca94df032b55a99047a709be7dfb988c3c": {
      "reason": "npm lockfile integrity hash (sha512), not a secret",
      "example": "ui/package-lock.json:181"
    },
    "560163207e203260c31263b967690292c5f37cab590cd5bb852fdf5102b85db0": {
      "reason": "npm lockfile integrity hash (sha512), not a secret",
      "example": "ui/package-lock.json:198"
    },
    "e17166de1be3c3caccedd411b5aed295a7c09346a9835225b858b363ffdad2d5": {
      "reason": "npm lockfile integrity hash (sha512), not a secret",
      "example": "ui/package-lock.json:215"
    },
    "a2b71025dd1abeef66e26db8bf2bf5c261b6791ff8d6c30f8d1089eb8877778e": {
      "reason": "npm lockfile integrity hash (sha512), not a secret",
      "example": "ui/package-lock.json:232"
    },
    "d9d593b167b9ef6327e177e2995fa2d468e3dbf90022972fd0b53d854ad2ee24": {
      "reason": "npm lockfile integrity hash (sha512), not a secret",
      "example": "ui/package-lock.json:249"
    },
    "f586d9d5a5eda76c538325dbb3917739834e307fb790a4ac555f587c64f5a51a": {
      "reason": "npm lockfile integrity hash (sha512), not a secret",
      "example": "ui/package-lock.json:266"
    },
    "dd93ca89d803dd0fb8603eb1cea69d2b633b206b4d2557934803a99c3537ed66": {
      "reason": "npm lockfile integrity hash (sha512), not a secret",
      "example": "ui/package-lock.json:283"
    },
    "ab53cf8ea24e4248b126aadef5461f174f368e59caa698253d3c23904eec2b3e": {
      "reason": "npm lockfile integrity hash (sha512), not a secret",
      "example": "ui/package-lock.json:300"
    },
    "ac2cf4d8da3b97810ad4b120ddde72bb761a96ca89177b21a82f0fc13ed24648": {
      "reason": "npm lockfile integrity hash (sha512), not a secret",
      "example": "ui/package-lock.json:317"
    },
    "841861bf40fd0ca6d33a8e45cf4d5071842c50c313d4996846d9974859d7717f": {
      "reason": "npm lockfile integrity hash (sha512), not a secret",
      "example": "ui/package-lock.json:334"
    },
    "531f9db804e3d6caa461facf783a3ab69d4b324ce759684492f9067c16b8dca5": {
      "reason": "npm lockfile integrity hash (sha512), not a secret",
      "example": "ui/package-lock.json:351"
    },
    "4ab4826542ddc406721b4a5baacbc1599ad73d7272d551fcc0aa3ab33d5f8fbf": {
      "reason": "npm lockfile integrity hash (sha512), not a secret",
      "example": "ui/package-lock.json:368"
    },
    "cb2a2d4caf7eeaa5a85acf6fcee0cfd03f1724de9be13cb2dc3df20d7f667aec": {
      "reason": "npm lockfile integrity hash (sha512), not a secret",
      "example": "ui/package-lock.json:385"
    },
    "2faaa26ecdec71965735f9c7851922b719de4d6770a37cc7266836c2b81faef8": {
      "reason": "npm lockfile integrity hash (sha512), not a secret",
      "example": "ui/package-lock.json:402"
    },
    "cbfa765fea5c45457198bf3d4e2c1be7607aa768e474eb9b491b642652aa2039": {
      "reason": "npm lockfile integrity hash (sha512), not a secret",
      "example": "ui/package-lock.json:419"
    },
    "20a12ef6acab23a7febe569acc1f1a65b0cb484479f6f1764436eb2292745b0c": {
      "reason": "npm lockfile integrity hash (sha512), not a secret",
      "example": "ui/package-lock.json:436"
    },
    "14d5720864a5d9cd2c1dbb969c9eb45cd05568f37444f36d0783adf17f972325": {
      "reason": "npm lockfile integrity hash (sha512), not a secret",
      "example": "ui/package-lock.json:2922"
    },
    "08edd7ae8ab194c04dbcdd487460d595fabb888db21d28d641ced5d1587dc00a": {
      "reason": "npm lockfile integrity hash (sha512), not a secret",
      "example": "ui/package-lock.json:468"
    },
    "b5af5b6daed14cfaca91a6f05c1cb5059fc126b3cab3712afb0618d8812f9e08": {
      "reason": "npm lockfile integrity hash (sha512), not a secret",
      "example": "ui/package-lock.json:478"
    },
    "920ad215d4276c0580c7d604ef20f4d3530d1cc249674451a1b59fa5d8329359": {
      "reason": "npm lockfile integrity hash (sha512), not a secret",
      "example": "ui/package-lock.json:493"
    },
    "73b8c91cbbc70c5f695072acd14e819011c413d67ffd6459511e310f69775f7d": {
      "reason": "npm lockfile integrity hash (sha512), not a secret",
      "example": "ui/package-lock.json:506"
    },
    "d9bdb0c5cebbee84f95b25b3b37c5a336700296f9874f53f33f90b92b735d85b": {
      "reason": "npm lockfile integrity hash (sha512), not a secret",
      "example": "ui/package-lock.json:519"
    },
    "57500a29937d487d4c2a3498ffb6b42b1fe1361ec86d819853fb7ca0f6da7b0b": {
      "reason": "npm lockfile integrity hash (sha512), not a secret",
      "example": "ui/package-lock.json:543"
    },
    "b18bf59094d94ffa2d689ee6845589ba1f22e12247ab0f7613bbbb1963ceb3a8": {
      "reason": "npm lockfile integrity hash (sha512), not a secret",
      "example": "ui/package-lock.json:556"
    },
    "f8e4bf6e96519eb2764860c958f795280b9ac39d847989a99560f02508312762": {
      "reason": "npm lockfile integrity hash (sha512), not a secret",
      "example": "ui/package-lock.json:569"
    },
    "0c44930e7d4974f8b19acf5eb3a715a59ece2c26c3d42c8692f86cbf2bb1a809": {
      "reason": "npm lockfile integrity hash (sha512), not a secret",
      "example": "ui/package-lock.json:579"
    },
    "1124770639ed3c10ac0aab732dc0747eb017b9d841c13069c400750a8bd8ea74": {
      "reason": "npm lockfile integrity hash (sha512), not a secret",
      "example": "ui/package-lock.json:593"
    },
    "d789d3c058f958506f706de695c5901ebc8dffcfc5b1292f3d6bb7aab777609e": {
      "reason": "npm lockfile integrity hash (sha512), not a secret",
      "example": "ui/package-lock.json:606"
    },
    "dcea24b40ea04fef263def470cf8455e2fdfd44402cfd3b103b55be33e4bf721": {
      "reason": "npm lockfile integrity hash (sha512), not a secret",
      "example": "ui/package-lock.json:621"
    },
    "e1566e1c5625226b9184ca9896ed4858aad34871635876524fa26cce01c1fd34": {
      "reason": "npm lockfile integrity hash (sha512), not a secret",
      "example": "ui/package-lock.json:631"
    },
    "c836c7f37ef40b89dd83371db98684e0ffc149f66e10f15ebe2b7e01b5358eed": {
      "reason": "npm lockfile integrity hash (sha512), not a secret",
      "example": "ui/package-lock.json:645"
    },
    "83a1ffc5b7b0ecc8e1c633de66af99b5416c7096a1e33e1899704c0ba6df99ab": {
      "reason": "npm lockfile integrity hash (sha512), not a secret",
      "example": "ui/package-lock.json:659"
    },
    "ee3d25a435e69587d3528c21c34fe8128d872f50b8b996b53d389388b1316849": {
      "reason": "npm lockfile integrity hash (sha512), not a secret",
      "example": "ui/package-lock.json:670"
    },
    "f8e441179c58a34a41d20ff18f538f5b941524fb21d1adc479fb024b44be2da2": {
      "reason": "npm lockfile integrity hash (sha512), not a secret",
      "example": "ui/package-lock.json:680"
    },
    "71d590a6cbef9e760ad5b440a658557c04b1a8f47c60171141e175fc35430324": {
      "reason": "npm lockfile integrity hash (sha512), not a secret",
      "example": "ui/package-lock.json:687"
    },
    "6a08dd97646ed6d12a8a9b378d594d07e95be2b44cd2e86b5754296fd9d8a3c3": {
      "reason": "npm lockfile integrity hash (sha512), not a secret",
      "example": "ui/package-lock.json:698"
    },
    "a8436b351f314321ff7209df209cc95567e3c118784636e18dfde58782f8e280": {
      "reason": "npm lockfile integrity hash (sha512), not a secret",
      "example": "ui/package-lock.json:712"
    },
    "17e4e98c04f540861ce6d892a1738b5215d875838280c399639c529904e11a38": {
      "reason": "npm lockfile integrity hash (sha512), not a secret",
      "example": "ui/package-lock.json:726"
    },
    "ffdf02ec96f5fefb49d726758477879c098126dce9e6326edbfc96f61e3577f5": {
      "reason": "npm lockfile integrity hash (sha512), not a secret",
      "example": "ui/package-lock.json:740"
    },
    "583ed4132af80257a02c30f6db1edc0736489ee99f87a4d5d7a85e06dc138316": {
      "reason": "npm lockfile integrity hash (sha512), not a secret",
      "example": "ui/package-lock.json:754"
    },
    "5fd547f78c0ba975306d0bf80be79ac5ad674009c50c09deb4efe82c07677249": {
      "reason": "npm lockfile integrity hash (sha512), not a secret",
      "example": "ui/package-lock.json:768"
    },
    "12f85e3bb6d106aaf57ad58bc01de7e73cab0654ee0d499ef040f4b5e947030f": {
      "reason": "npm lockfile integrity hash (sha512), not a secret",
      "example": "ui/package-lock.json:782"
    },
    "fb647429745767b6e52ee3a49d7a44deffcd28b2f0c03996d3c14f44b83a744a": {
      "reason": "npm lockfile integrity hash (sha512), not a secret",
      "example": "ui/package-lock.json:799"
    },
    "70bda3495af59eb5e5760a3d3d3d26086f0bfd482d0d71eebced53a7fbbb7b3f": {
      "reason": "npm lockfile integrity hash (sha512), not a secret",
      "example": "ui/package-lock.json:816"
    },
    "b4de25a9100903ceac68b66af2a1819792d5e5f239b3a03ae228b892a421c62f": {
      "reason": "npm lockfile integrity hash (sha512), not a secret",
      "example": "ui/package-lock.json:833"
    },
    "f45668e76bf5dfb7e7dc9889b8f9d1b1620bc550af2242873df687d84304d6f8": {
      "reason": "npm lockfile integrity hash (sha512), not a secret",
      "example": "ui/package-lock.json:850"
    },
    "9d98a13899e426b013daa673bbda12df5f49e20c157f60fc4c17a896609e7e06": {
      "reason": "npm lockfile integrity hash (sha512), not a secret",
      "example": "ui/package-lock.json:867"
    },
    "da2d9b9220397462806e84cd1fda1e3bfc53a6a0932b4f787bb8ebd3738ee3c7": {
      "reason": "npm lockfile integrity hash (sha512), not a secret",
      "example": "ui/package-lock.json:884"
    },
    "4fced2d73e523de14699f4a07d0e73ae7e7a57fc896b76c25a1480271f6692c4": {
      "reason": "npm lockfile integrity hash (sha512), not a secret",
      "example": "ui/package-lock.json:901"
    },
    "dea12f806d1d0f96578dd125826f314b1fa889088f1399ad508af3325b315edc": {
      "reason": "npm lockfile integrity hash (sha512), not a secret",
      "example": "ui/package-lock.json:918"
    },
    "25e4007ad9fa5ea43ef5242f5339a4e6fb4ea67f008e78c9ca6ecc9792b26d33": {
      "reason": "npm lockfile integrity hash (sha512), not a secret",
      "example": "ui/package-lock.json:935"
    },
    "15e0f0f678e45c70b3923ab62919e8940d70e73a10a072609a70cf6339c371d0": {
      "reason": "npm lockfile integrity hash (sha512), not a secret",
      "example": "ui/package-lock.json:952"
    },
    "39edf451532f507eb40797f92d5b9a3f16f16f64f75d5ac0f9b98129643f9c63": {
      "reason": "npm lockfile integrity hash (sha512), not a secret",
      "example": "ui/package-lock.json:969"
    },
    "d66777bc6cb249773e82ac4a254485b0c19dfb525ee7025157c12230b86703a1": {
      "reason": "npm lockfile integrity hash (sha512), not a secret",
      "example": "ui/package-lock.json:986"
    },
    "7f3be1cd9cc6cccc5fb5c47949d416332998fcd6cde86ffd5d365404a84518fc": {
      "reason": "npm lockfile integrity hash (sha512), not a secret",
      "example": "ui/package-lock.json:1003"
    },
    "d4b2b6de956c3ca5c32ea9cd00bc3d1ceaf585e8d192c0624bd10ba0bed74fe0": {
      "reason": "npm lockfile integrity hash (sha512), not a secret",
      "example": "ui/package-lock.json:1017"
    },
    "f28a93837a62ceebea151e0971b462331934eae29d14bfcf397761c1828a7f8c": {
      "reason": "npm lockfile integrity hash (sha512), not a secret",
      "example": "ui/package-lock.json:1031"
    },
    "fb9f497f11d036f0a1309f3065c98e9a9b1adca508640857391fece1b0b41534": {
      "reason": "npm lockfile integrity hash (sha512), not a secret",
      "example": "ui/package-lock.json:1045"
    },
    "518552306b0e1928cd141fe9035fba7131c826735733f8d8a6c29bf6d29e0267": {
      "reason": "npm lockfile integrity hash (sha512), not a secret",
      "example": "ui/package-lock.json:1059"
    },
    "762479fabc6d99e3b7db27361a460897f91c33c1591726b0e780bd768cf05827": {
      "reason": "npm lockfile integrity hash (sha512), not a secret",
      "example": "ui/package-lock.json:1073"
    },
    "14f444624fad5bcf188995a07050622a2cf4045a4850e24289974b517c4ce175": {
      "reason": "npm lockfile integrity hash (sha512), not a secret",
      "example": "ui/package-lock.json:1087"
    },
    "94e5011083dd2e447071d31f33c6034a05602ef06271abc7e9e13ec66234a903": {
      "reason": "npm lockfile integrity hash (sha512), not a secret",
      "example": "ui/package-lock.json:1110"
    },
    "a57ea12abadb81c883be61d7489eac089398964749420ed30ab74d2afaa315d0": {
      "reason": "npm lockfile integrity hash (sha512), not a secret",
      "example": "ui/package-lock.json:1128"
    },
    "059b10fc7c46b917d8015773afe405cb6410de433a62d40544262fb7eccd294e": {
      "reason": "npm lockfile integrity hash (sha512), not a secret",
      "example": "ui/package-lock.json:1138"
    },
    "2cbfad04eac54c0507e3f2812b116ef67ea7350a398d07448f1c887cd042e3e2": {
      "reason": "npm lockfile integrity hash (sha512), not a secret",
      "example": "ui/package-lock.json:1145"
    },
    "296cdf054326c8c8ca6fab4c20b94874d36658fce3499498776c5f5a3a808c36": {
      "reason": "npm lockfile integrity hash (sha512), not a secret",
      "example": "ui/package-lock.json:1152"
    },
    "1f0e6ba413ad31d8d6228e8dd7b04ea1219fd655dfa4b259b5f7a1169488bb10": {
      "reason": "npm lockfile integrity hash (sha512), not a secret",
      "example": "ui/package-lock.json:1159"
    },
    "ef700bc9537d35dcd39c424480b25e76a388edf34b4ce4de58f34c1b288c924a": {
      "reason": "npm lockfile integrity hash (sha512), not a secret",
      "example": "ui/package-lock.json:1172"
    },
    "432c8b3e78d441f9209e067de3eac1dcc4fa5ec2a69a873cdf0dc1ee52e86cb3": {
      "reason": "npm lockfile integrity hash (sha512), not a secret",
      "example": "ui/package-lock.json:1182"
    },
    "ddc9c113b56db235e137744417116ed5673ffbbbbda2a95fb8870056d2f59000": {
      "reason": "npm lockfile integrity hash (sha512), not a secret",
      "example": "ui/package-lock.json:1199"
    },
    "061543e45b4f89c0905fbb82018ad4b55b13421b3c6b54e19b33a1a643178c45": {
      "reason": "npm lockfile integrity hash (sha512), not a secret",
      "example": "ui/package-lock.json:1215"
    },
    "0bd8cb67543daee3b972604f06a7d2ad016c28fe1adb359463dad22944cf75fa": {
      "reason": "npm lockfile integrity hash (sha512), not a secret",
      "example": "ui/package-lock.json:1229"
    },
    "8805d74fb5d36a9e3da20512b7ab438ccc5ead599b3ffbcd5f025de61aea7cb9": {
      "reason": "npm lockfile integrity hash (sha512), not a secret",
      "example": "ui/package-lock.json:1236"
    },
    "117c0e9e6021071fe40d92ee15690d3824ff5c5d8b45a0aac837e9231a3cb19a": {
      "reason": "npm lockfile integrity hash (sha512), not a secret",
      "example": "ui/package-lock.json:1246"
    },
    "cb5a7562a77972eb7dc6cf32ff6a11da3b71bbb647a142c309bdc1dac201b4fa": {
      "reason": "npm lockfile integrity hash (sha512), not a secret",
      "example": "ui/package-lock.json:1256"
    },
    "0f42c0031601aeb354972639402fc939c62a35bcf765c268330914cd3e7fc590": {
      "reason": "npm lockfile integrity hash (sha512), not a secret",
      "example": "ui/package-lock.json:1263"
    },
    "1dea49e9bd64a9507292147829b00abfcbd5fffb915b350f6825934e0e5ce648": {
      "reason": "npm lockfile integrity hash (sha512), not a secret",
      "example": "ui/package-lock.json:1276"
    },
    "f53c90c7e4d2de197639bae47716d5f6b3dae4cae8bc6342332132ff073466bf": {
      "reason": "npm lockfile integrity hash (sha512), not a secret",
      "example": "ui/package-lock.json:1287"
    },
    "a485077f4d8f81b9596bd6307fc3f2510fa98e7fc550786dbbc7471a1f33e527": {
      "reason": "npm lockfile integrity hash (sha512), not a secret",
      "example": "ui/package-lock.json:1300"
    },
    "356d288efe548ccf00ee8fd70a5d86de2bde07913e7ecc095f08e41bd6aabc7c": {
      "reason": "npm lockfile integrity hash (sha512), not a secret",
      "example": "ui/package-lock.json:1310"
    },
    "8f60925bea25a68e27b687f261511120f4eeefca993bb47079a2315cd7f42ebe": {
      "reason": "npm lockfile integrity hash (sha512), not a secret",
      "example": "ui/package-lock.json:1320"
    },
    "b080bf7655cc8bc2c3b1e754de2689f725489d7e934b72663de4e3c2a6c3fdaa": {
      "reason": "npm lockfile integrity hash (sha512), not a secret",
      "example": "ui/package-lock.json:1337"
    },
    "7f9c6851dd288ebbc8eec52f0494bfd39f21eaa51eda3b7c007919d729b9eed6": {
      "reason": "npm lockfile integrity hash (sha512), not a secret",
      "example": "ui/package-lock.json:1362"
    },
    "fa3c597722244dae784524d48160d6135927c903c19f82e2359f9215c81fcf00": {
      "reason": "npm lockfile integrity hash (sha512), not a secret",
      "example": "ui/package-lock.json:1375"
    },
    "31341b7f7e0637c15bb4bf0688dceff3728e251cf0331e37db60ada011cc3f37": {
      "reason": "npm lockfile integrity hash (sha512), not a secret",
      "example": "ui/package-lock.json:1389"
    },
    "c361b91a5bba82c978d86ce3d4dbbc34f3c72201e74a20fb43ee531c83060434": {
      "reason": "npm lockfile integrity hash (sha512), not a secret",
      "example": "ui/package-lock.json:1402"
    },
    "d226bc06208382b42f94c4ed60fa6d04c0c319f635c2c1aa23f255a4c13a81da": {
      "reason": "npm lockfile integrity hash (sha512), not a secret",
      "example": "ui/package-lock.json:1409"
    },
    "84ef172a9541b7d1943bb5cd16dd50f3e516923b0122279bae2fcfa1f4fc03ad": {
      "reason": "npm lockfile integrity hash (sha512), not a secret",
      "example": "ui/package-lock.json:1416"
    },
    "ca9ffd4cc4caf8029d3d29c978900ce1f5f95d25966479470f9e51ddcffe7311": {
      "reason": "npm lockfile integrity hash (sha512), not a secret",
      "example": "ui/package-lock.json:1431"
    },
    "790f56a93f6fc8a23d735bd18a63236b9137dddd8897158500f74b1377797458": {
      "reason": "npm lockfile integrity hash (sha512), not a secret",
      "example": "ui/package-lock.json:1445"
    },
    "d42c1fba9032848e51a2aafff2c84b544367f06aef8d9ddc9c2cc8dbc8df66ed": {
      "reason": "npm lockfile integrity hash (sha512), not a secret",
      "example": "ui/package-lock.json:1458"
    },
    "11f0ce9a14aaa7bdf4cb142cdf6642eef5e77c7a42f5d5e48e75a5fd4fa746d7": {
      "reason": "npm lockfile integrity hash (sha512), not a secret",
      "example": "ui/package-lock.json:1476"
    },
    "04994ca66d318ae50754fe520f4dea1f47c72c5440701131c375c580f7591d22": {
      "reason": "npm lockfile integrity hash (sha512), not a secret",
      "example": "ui/package-lock.json:1483"
    },
    "b25d4f14ce4aca26138425d6fd117f0a5036727d9b3555bf066a1f709e16a0b5": {
      "reason": "npm lockfile integrity hash (sha512), not a secret",
      "example": "ui/package-lock.json:1493"
    },
    "3bf101ffcba9ae38df2a680e36525f0d9d2d92b33a54254172e25113c0e600a9": {
      "reason": "npm lockfile integrity hash (sha512), not a secret",
      "example": "ui/package-lock.json:1503"
    },
    "22ae493c0b8a3bad18add8b137a99d2fd229567963c71a14d1751d1608217707": {
      "reason": "npm lockfile integrity hash (sha512), not a secret",
      "example": "ui/package-lock.json:1510"
    },
    "7b0da38fc6d4458bfe19669c46b2af4adbcc829ee10ecc041b09ec3a48823b2f": {
      "reason": "npm lockfile integrity hash (sha512), not a secret",
      "example": "ui/package-lock.json:1549"
    },
    "102417f70f2d156bbc474a28c299e84ca419f7c8e003ff1efb34e07aedcef645": {
      "reason": "npm lockfile integrity hash (sha512), not a secret",
      "example": "ui/package-lock.json:1562"
    },
    "0183ee580f1f6761139c5d2aaeed0f05911b6ee11754f0649088d4d6656ef99d": {
      "reason": "npm lockfile integrity hash (sha512), not a secret",
      "example": "ui/package-lock.json:1622"
    },
    "7fb9c453ee047aee0418d80f976a7980bc1a26d10c3a7c7ca0d85d8caa46000b": {
      "reason": "npm lockfile integrity hash (sha512), not a secret",
      "example": "ui/package-lock.json:1638"
    },
    "477888b48da57cfbc70e277f80e4e8fa9a78b36899dce454df2de4539a4ab167": {
      "reason": "npm lockfile integrity hash (sha512), not a secret",
      "example": "ui/package-lock.json:1651"
    },
    "d29c86174e107819123d2ffe1391fd70b5aace05a96e6361f89dbcf2be46173f": {
      "reason": "npm lockfile integrity hash (sha512), not a secret",
      "example": "ui/package-lock.json:1686"
    },
    "d14777d726587228ae9662084cc7085c2b4c0eaea5b57e0f2d2513f67880e03a": {
      "reason": "npm lockfile integrity hash (sha512), not a secret",
      "example": "ui/package-lock.json:1703"
    },
    "5c206bbe5e227236cc1c4d47df5dc6599a1ea86d3ac5cf5ae4cfe1e5d12ad936": {
      "reason": "npm lockfile integrity hash (sha512), not a secret",
      "example": "ui/package-lock.json:1716"
    },
    "9a3690f65acbba624146bba866191795695018501a13d38f10280d3345a2c4cd": {
      "reason": "npm lockfile integrity hash (sha512), not a secret",
      "example": "ui/package-lock.json:1734"
    },
    "2c2f5d599aaa64fd017eb51949f14c125b2a582b579ae77b6d0dfa0b83184e4b": {
      "reason": "npm lockfile integrity hash (sha512), not a secret",
      "example": "ui/package-lock.json:1747"
    },
    "7bf5fe34ecea25f419b62de5fb4f83f9c1bb50590cc2724dadeda19677f7771d": {
      "reason": "npm lockfile integrity hash (sha512), not a secret",
      "example": "ui/package-lock.json:1760"
    },
    "527dd649ecebc5b5d879f110d80cdc3151c12c0d652f5ab8901e9432f6ff303d": {
      "reason": "npm lockfile integrity hash (sha512), not a secret",
      "example": "ui/package-lock.json:1770"
    },
    "c785b3dcc1813f1524b89300d23742eaff12be001bdc2a0f7ccf453b34d88dab": {
      "reason": "npm lockfile integrity hash (sha512), not a secret",
      "example": "ui/package-lock.json:1780"
    },
    "f1f98f50bfc12a5098908f95b9b4ad310e4931ba78997244484128de528d5b4d": {
      "reason": "npm lockfile integrity hash (sha512), not a secret",
      "example": "ui/package-lock.json:1790"
    },
    "1cac3a54d7798c9a3549aa25994babccd738ef75a4ef48946b557363574352f7": {
      "reason": "npm lockfile integrity hash (sha512), not a secret",
      "example": "ui/package-lock.json:1797"
    },
    "fc17a17386da35456264497650f21024808d61d3446c48dac173a0b9107c2ee1": {
      "reason": "npm lockfile integrity hash (sha512), not a secret",
      "example": "ui/package-lock.json:1804"
    },
    "8f08e2b9bf991267258712b929f63b1122b4ae0897aac1391d9246da59495cc8": {
      "reason": "npm lockfile integrity hash (sha512), not a secret",
      "example": "ui/package-lock.json:1811"
    },
    "cae2fb281cf83ac2efdf903fe470b063dc9e58d26405cca25c66d686bc289710": {
      "reason": "npm lockfile integrity hash (sha512), not a secret",
      "example": "ui/package-lock.json:1824"
    },
    "3c47418749d080fca65218871a665df81a3b29a418ec5a798e4207b92c363333": {
      "reason": "npm lockfile integrity hash (sha512), not a secret",
      "example": "ui/package-lock.json:1837"
    },
    "edb692a9fa84f6d6ce7a468dc0a67b34c3cfcecd7177562c2f7f32ae39b8a5e6": {
      "reason": "npm lockfile integrity hash (sha512), not a secret",
      "example": "ui/package-lock.json:1854"
    },
    "11c7fb4359d79c0b732fb33b9f4ddb73fbb1dccf6c14314210e39808d4a422bb": {
      "reason": "npm lockfile integrity hash (sha512), not a secret",
      "example": "ui/package-lock.json:1868"
    },
    "5b92429e21eae253c83fca3c584a4fc8c30273ff026932f0671e0d8fd7ba0087": {
      "reason": "npm lockfile integrity hash (sha512), not a secret",
      "example": "ui/package-lock.json:1875"
    },
    "444707029e587606f578c061ebf2e81846afc68502c2ed25c9a3551e3ef53085": {
      "reason": "npm lockfile integrity hash (sha512), not a secret",
      "example": "ui/package-lock.json:1882"
    },
    "855d84c8fe562aabb7e16b44b27c2ffe97e85226bdf6cec69f1ec1527689bc70": {
      "reason": "npm lockfile integrity hash (sha512), not a secret",
      "example": "ui/package-lock.json:1897"
    },
    "b71bfb8f680b73130b20c26dac6d7224c89e4d176b5d7f2c1ed71a917a983607": {
      "reason": "npm lockfile integrity hash (sha512), not a secret",
      "example": "ui/package-lock.json:1919"
    },
    "e31c0be75d9ea85c48c8a2fb971cab0235e0da70178c26f4aacee3c7ea1e8da3": {
      "reason": "npm lockfile integrity hash (sha512), not a secret",
      "example": "ui/package-lock.json:1932"
    },
    "29182ecfd094cd719afbdc23f862e796a2f85a8602712cafc4997a1203e9f708": {
      "reason": "npm lockfile integrity hash (sha512), not a secret",
      "example": "ui/package-lock.json:1945"
    },
    "4099d49f1479993fb8ff5adff5b55e0b33f0913e725cc770d64fa2609cc6e4b4": {
      "reason": "npm lockfile integrity hash (sha512), not a secret",
      "example": "ui/package-lock.json:1952"
    },
    "82cbcdc280824875fdda2769289276bee8a68596bbef2b6faed8e35025f524f0": {
      "reason": "npm lockfile integrity hash (sha512), not a secret",
      "example": "ui/package-lock.json:1962"
    },
    "bb0866e68f6ca7c8d0ba6b6452945e74cacb9118200c52374b31050219414c18": {
      "reason": "npm lockfile integrity hash (sha512), not a secret",
      "example": "ui/package-lock.json:1972"
    },
    "fc9411010bee044e632883e3f21d2b94093c4e13750e2db889672893792cf475": {
      "reason": "npm lockfile integrity hash (sha512), not a secret",
      "example": "ui/package-lock.json:1989"
    },
    "62327fa065c781fe06e857d8c242603dfe7583b1480863f1f057b542970e6e40": {
      "reason": "npm lockfile integrity hash (sha512), not a secret",
      "example": "ui/package-lock.json:1999"
    },
    "43eb7d8dfce3ff810493bb1982e89d0b13828fa851d46e74f88dbdea9ca000ad": {
      "reason": "npm lockfile integrity hash (sha512), not a secret",
      "example": "ui/package-lock.json:2011"
    },
    "e5cff42e23b0ef6750331961817b9f7c85029a89a244cdceaf254579cf50a055": {
      "reason": "npm lockfile integrity hash (sha512), not a secret",
      "example": "ui/package-lock.json:2018"
    },
    "5d0a70e8d7e4c816bbf4b973fc6614e0ebd9b431832a87f2617e493bda90355b": {
      "reason": "npm lockfile integrity hash (sha512), not a secret",
      "example": "ui/package-lock.json:2031"
    },
    "79058ad3f25152291a06d1c5504382531ed351ce1632a9314f57b291daf176c2": {
      "reason": "npm lockfile integrity hash (sha512), not a secret",
      "example": "ui/package-lock.json:2041"
    },
    "8bcc271ed8be7c158ed00178fb1b47f93baa531855bf3489383e06269cef719a": {
      "reason": "npm lockfile integrity hash (sha512), not a secret",
      "example": "ui/package-lock.json:2054"
    },
    "a27bfb8cee4b6d958b362b85a7949d93c4c46df2c9ccb51c79033103b014beb5": {
      "reason": "npm lockfile integrity hash (sha512), not a secret",
      "example": "ui/package-lock.json:2064"
    },
    "dd1f03f1b6a3f229a3b949222641037961a8a793b98ed3a9a60a97dbd87e90c4": {
      "reason": "npm lockfile integrity hash (sha512), not a secret",
      "example": "ui/package-lock.json:2074"
    },
    "bd798c4740ada56cc71f263e10d9261d89c0c81335f343dfff5586ea36a02ce9": {
      "reason": "npm lockfile integrity hash (sha512), not a secret",
      "example": "ui/package-lock.json:2081"
    },
    "1de62759a735d3482e3d5c3b000596034079ac1a7e1b1065b62d827f1f7562a1": {
      "reason": "npm lockfile integrity hash (sha512), not a secret",
      "example": "ui/package-lock.json:2104"
    },
    "6ff2c4561cad253a0b23bea1decc177f3317def150acbfde056f016bb116773a": {
      "reason": "npm lockfile integrity hash (sha512), not a secret",
      "example": "ui/package-lock.json:2111"
    },
    "8a35ab6795f97290faee1ef0b3a402a67c1bfe1fd1b41346265995fab4cb3fd3": {
      "reason": "npm lockfile integrity hash (sha512), not a secret",
      "example": "ui/package-lock.json:2118"
    },
    "475efa75b9fe63073a27fdeba0c4b676b0795b0e210f636fddd4c80dd8d8776c": {
      "reason": "npm lockfile integrity hash (sha512), not a secret",
      "example": "ui/package-lock.json:2125"
    },
    "4f49fb138c75bcacfc5b2e9071486a670f1bd862accbe2e5947cf238a5375b07": {
      "reason": "npm lockfile integrity hash (sha512), not a secret",
      "example": "ui/package-lock.json:2135"
    },
    "b7d2eb9c6c693f414246863be8dfd77addafa1267d94e3ec390a91bb1615cb13": {
      "reason": "npm lockfile integrity hash (sha512), not a secret",
      "example": "ui/package-lock.json:2145"
    },
    "fad65955b94bc9429f83315b975ff4ba878b549f1c3b022cbdf95c16e1b6bcd1": {
      "reason": "npm lockfile integrity hash (sha512), not a secret",
      "example": "ui/package-lock.json:2152"
    },
    "9fd896dba5e94c56e9966ad9430a1aebabfb9db391b4a63eb7a565ba56c098d5": {
      "reason": "npm lockfile integrity hash (sha512), not a secret",
      "example": "ui/package-lock.json:2166"
    },
    "fa135d1e1d941202c7c745ee2ce8e5ac37f2cb1515a39a09ced55d629e03459c": {
      "reason": "npm lockfile integrity hash (sha512), not a secret",
      "example": "ui/package-lock.json:2176"
    },
    "5ca68db0138ed5a08cc60e301470dc54ba4b274e489cd464ec601c17d4f1ec4d": {
      "reason": "npm lockfile integrity hash (sha512), not a secret",
      "example": "ui/package-lock.json:2183"
    },
    "373d401e28a0ca0d830c53a1179fb471ec5b683b7a09c2bf0ef64c712ef050ee": {
      "reason": "npm lockfile integrity hash (sha512), not a secret",
      "example": "ui/package-lock.json:2199"
    },
    "9d784b4c43bc49c802dab9eec327bb9a602a64d48e6355631db1186f46bb9f06": {
      "reason": "npm lockfile integrity hash (sha512), not a secret",
      "example": "ui/package-lock.json:2206"
    },
    "78c1632a07038f21e7556efbf51b4d56a79ff7dc61689e1eec58292f170d38d4": {
      "reason": "npm lockfile integrity hash (sha512), not a secret",
      "example": "ui/package-lock.json:2216"
    },
    "e997d4026fba113116def6b3a9c212917af3e4f0934f1505f9c066a72466b032": {
      "reason": "npm lockfile integrity hash (sha512), not a secret",
      "example": "ui/package-lock.json:2223"
    },
    "15a687022ff6b6750b43893563f1a2e4512bd63af8ddedff319797392279d131": {
      "reason": "npm lockfile integrity hash (sha512), not a secret",
      "example": "ui/package-lock.json:2233"
    },
    "19e529e0e07211a39dc9f1a99468d9d17dfb1c3a930164634ef0f322b5dd5712": {
      "reason": "npm lockfile integrity hash (sha512), not a secret",
      "example": "ui/package-lock.json:2246"
    },
    "d256835275fd296b5f3eed2cb23cdc46b7a14f346b7ef2c93fed23cd86906b13": {
      "reason": "npm lockfile integrity hash (sha512), not a secret",
      "example": "ui/package-lock.json:2256"
    },
    "f9b0a6427f460837ea48e3c68c8b9b9f06c8f675b622f865a4999d7cf7089f38": {
      "reason": "npm lockfile integrity hash (sha512), not a secret",
      "example": "ui/package-lock.json:2269"
    },
    "d27c70c4cbb682af5c61446b86d0b5b31d01d36164e1a4842689f6b3920a14f0": {
      "reason": "npm lockfile integrity hash (sha512), not a secret",
      "example": "ui/package-lock.json:2279"
    },
    "5fe0baf318c69041067505dc6c7d76e03b1dcd48fc8c73662ef9a48489d2b8cc": {
      "reason": "npm lockfile integrity hash (sha512), not a secret",
      "example": "ui/package-lock.json:2286"
    },
    "84bd9b6f40d530cae58f30c1e8c7d356d5e0528b128fb832cd0ed41378f47d5d": {
      "reason": "npm lockfile integrity hash (sha512), not a secret",
      "example": "ui/package-lock.json:2305"
    },
    "b42eb15121ef5306fba64eed4c3873ce96155919bea8b7b3f27b646412fd267f": {
      "reason": "npm lockfile integrity hash (sha512), not a secret",
      "example": "ui/package-lock.json:2312"
    },
    "0993de73fe1fdbd98518ed73a6eecc2af19b366bf8b511aa179b0378e6708d26": {
      "reason": "npm lockfile integrity hash (sha512), not a secret",
      "example": "ui/package-lock.json:2322"
    },
    "5c41eecff42a763ea2bf9e6492e5d57ded4ec64419f3083dce92090b8cf57612": {
      "reason": "npm lockfile integrity hash (sha512), not a secret",
      "example": "ui/package-lock.json:2332"
    },
    "4869927562d67b6fafa3d07b482c0fbd1c1b666250726e4d01c3cc557b1bbf3c": {
      "reason": "npm lockfile integrity hash (sha512), not a secret",
      "example": "ui/package-lock.json:2350"
    },
    "bf90b325d6104737f7f7f2965c8353681e65398436b28d5aecc7759fbf2e48ae": {
      "reason": "npm lockfile integrity hash (sha512), not a secret",
      "example": "ui/package-lock.json:2366"
    },
    "b6d0309f7dacd115ef8f57d69dd14e87c7efcb7c26c0f3eb15191a3e63969319": {
      "reason": "npm lockfile integrity hash (sha512), not a secret",
      "example": "ui/package-lock.json:2382"
    },
    "ad246340c43126edab9b5eaf8d92a6a9dc75c09fe122a0c1950866262a903bba": {
      "reason": "npm lockfile integrity hash (sha512), not a secret",
      "example": "ui/package-lock.json:2395"
    },
    "c1d1de7bd9f0aca0ec30bef76c9d06ded554143109424bb1bc835ebbe10f01fc": {
      "reason": "npm lockfile integrity hash (sha512), not a secret",
      "example": "ui/package-lock.json:2405"
    },
    "3bfda5e5152bcc51a46e02a373f2fe66949b5492317e4f7560f2650376ab9890": {
      "reason": "npm lockfile integrity hash (sha512), not a secret",
      "example": "ui/package-lock.json:2415"
    },
    "1cbdc5ded9b7a16ab9f441b5e9dc3ae01a829667d60cb34037006dcf393e94cb": {
      "reason": "npm lockfile integrity hash (sha512), not a secret",
      "example": "ui/package-lock.json:2425"
    },
    "a15a2477dafc64ac837f829e613597df72bf61db9e5837d910d5720a1564e2eb": {
      "reason": "npm lockfile integrity hash (sha512), not a secret",
      "example": "ui/package-lock.json:2437"
    },
    "01adac780fa67924ee43674ff45f89dbe8c7a34c245dd9fa60a431f6286a7134": {
      "reason": "npm lockfile integrity hash (sha512), not a secret",
      "example": "ui/package-lock.json:2444"
    },
    "2a5e872313b21fa1ee04333ac672b4dc365b8eb70e949443a7bc49ec803c045d": {
      "reason": "npm lockfile integrity hash (sha512), not a secret",
      "example": "ui/package-lock.json:2457"
    },
    "98472f772fa3a4210e28e16a97e6143da5904bf0fdc944d1c78bb8e0533e88ed": {
      "reason": "npm lockfile integrity hash (sha512), not a secret",
      "example": "ui/package-lock.json:2486"
    },
    "5f0dd35eaaa0a6981fdac168817759bd84968c2dd97e763cc135357c3caec5f4": {
      "reason": "npm lockfile integrity hash (sha512), not a secret",
      "example": "ui/package-lock.json:2516"
    },
    "aa5e0b71eb8fb456051a133f842133908cec6bdf54af3d37cd0cfa966ac0c06f": {
      "reason": "npm lockfile integrity hash (sha512), not a secret",
      "example": "ui/package-lock.json:2533"
    },
    "f59041718d9788d0572789866079921b800f7bf8dc52c971428c9f81170fb284": {
      "reason": "npm lockfile integrity hash (sha512), not a secret",
      "example": "ui/package-lock.json:2560"
    },
    "3c45e5dc95c8fdc8664337ce2f0f0a0ba1f1c73480093ee9b915066173aa7321": {
      "reason": "npm lockfile integrity hash (sha512), not a secret",
      "example": "ui/package-lock.json:2574"
    },
    "6a6e6d9f3ef45997abdb56ea818648dcbbdebdc0c1c77008ffe206a4386c3eff": {
      "reason": "npm lockfile integrity hash (sha512), not a secret",
      "example": "ui/package-lock.json:2584"
    },
    "f137a259d47304d859b4b28c57f932ab2dbb62158ed4e2057707ca63f9a2bc7e": {
      "reason": "npm lockfile integrity hash (sha512), not a secret",
      "example": "ui/package-lock.json:2600"
    },
    "53a6d6b5ce77f08ecf08cf6837120b64ea4c229fd08518a36ba758509fee88e2": {
      "reason": "npm lockfile integrity hash (sha512), not a secret",
      "example": "ui/package-lock.json:2611"
    },
    "dd205a83ca2a679fe034ea2bc677c2c604a79a54cd43a688fd098425ee2b861c": {
      "reason": "npm lockfile integrity hash (sha512), not a secret",
      "example": "ui/package-lock.json:2621"
    },
    "0ce8c1871577326105e3f4097e5d83d4e48e05b3891f1ad45b2c270633c7b049": {
      "reason": "npm lockfile integrity hash (sha512), not a secret",
      "example": "ui/package-lock.json:2634"
    },
    "3adb6d8b9969750fb0a44453c88c40f088f1f9941c3e98e3d168fb06f564d2a8": {
      "reason": "npm lockfile integrity hash (sha512), not a secret",
      "example": "ui/package-lock.json:2644"
    },
    "295371f73287f680ab93973e5ce0987c4f3d520d9972ea4b0cb6a373f141b835": {
      "reason": "npm lockfile integrity hash (sha512), not a secret",
      "example": "ui/package-lock.json:2658"
    },
    "051ec94bee926550498dc377405c2aea4007523b7ac1a21acb5eb4d1da2da2aa": {
      "reason": "npm lockfile integrity hash (sha512), not a secret",
      "example": "ui/package-lock.json:2703"
    },
    "d4104814732d1f4c0fd248c44b46087163ff6940c6f50d2ab3f622b672a8057e": {
      "reason": "npm lockfile integrity hash (sha512), not a secret",
      "example": "ui/package-lock.json:2716"
    },
    "30a200a645a1c7a88a04c0cab5c1ab8baef9674e1a74ee06c4878a7bd42c80fc": {
      "reason": "npm lockfile integrity hash (sha512), not a secret",
      "example": "ui/package-lock.json:2729"
    },
    "d5d383e2f1a2aa39fd1d6e27a7f5d036345e1b326cec3025b589a674fdec8292": {
      "reason": "npm lockfile integrity hash (sha512), not a secret",
      "example": "ui/package-lock.json:2742"
    },
    "eb4910ac2e75d1a0262ca7e48e1305bc23a2c55a9db004f072d4bbf0e849b443": {
      "reason": "npm lockfile integrity hash (sha512), not a secret",
      "example": "ui/package-lock.json:2755"
    },
    "8f142721c92fa12463986a08ba650d770e8cb941acb881c9c2f7b7ffe2a32354": {
      "reason": "npm lockfile integrity hash (sha512), not a secret",
      "example": "ui/package-lock.json:2765"
    },
    "9b0df407a49d8660fdfaa8e0664180edfd4f53200e2a82f693a545459e3f57b2": {
      "reason": "npm lockfile integrity hash (sha512), not a secret",
      "example": "ui/package-lock.json:2781"
    },
    "60705f74faaa85ebe2c65c090e10dbddd0089436ed11a8e70e49734fedbf54ef": {
      "reason": "npm lockfile integrity hash (sha512), not a secret",
      "example": "ui/package-lock.json:2791"
    },
    "6e2c3a22fa89ace087835023dccec13234e28097e3519cacea3973da49a9777a": {
      "reason": "npm lockfile integrity hash (sha512), not a secret",
      "example": "ui/package-lock.json:2804"
    },
    "13fc04ebbbd9d579f7bd4923379cbb96f132b86dc574de6f9ef4a31a2917396c": {
      "reason": "npm lockfile integrity hash (sha512), not a secret",
      "example": "ui/package-lock.json:2817"
    },
    "7a3f06e1ec070c0bb6ab90f58cea0158bc89253b80976a3d867ddbf7d8b41b2c": {
      "reason": "npm lockfile integrity hash (sha512), not a secret",
      "example": "ui/package-lock.json:2830"
    },
    "fce620c855fff822affaa19a7590eae95f61b0396a0811d9abee14a1d8b18b77": {
      "reason": "npm lockfile integrity hash (sha512), not a secret",
      "example": "ui/package-lock.json:2856"
    },
    "569b56ab8357262b76de7f4ddb920cded20229ecad7e9638f28147445ce61e27": {
      "reason": "npm lockfile integrity hash (sha512), not a secret",
      "example": "ui/package-lock.json:2877"
    },
    "668bea3125a9c362b364d76a9638af60cdb55c9c5697f232bdada2d0c7edd342": {
      "reason": "npm lockfile integrity hash (sha512), not a secret",
      "example": "ui/package-lock.json:2905"
    },
    "0e30d0b7da774509bab93c77cfdac68f3a2d57c31743e9c63eac2e6a96db08ed": {
      "reason": "npm lockfile integrity hash (sha512), not a secret",
      "example": "ui/package-lock.json:2935"
    },
    "6377473f19a24d054adfc3504c5c9e525460b516f6f84680bc46ba85b56533be": {
      "reason": "npm lockfile integrity hash (sha512), not a secret",
      "example": "ui/package-lock.json:2953"
    },
    "93697194e4b88657655f830f4f400e0317f660a1b30144b3d96526f835735145": {
      "reason": "npm lockfile integrity hash (sha512), not a secret",
      "example": "ui/package-lock.json:2966"
    },
    "3d2391a41a72ee8e116589b60482d0907f00403956eea1312ecf23a8d949b423": {
      "reason": "npm lockfile integrity hash (sha512), not a secret",
      "example": "ui/package-lock.json:3029"
    },
    "6749196371a2bd90bc006c1a11c703b1cd3f7761a681778c744cbe6723739f4b": {
      "reason": "npm lockfile integrity hash (sha512), not a secret",
      "example": "ui/package-lock.json:3042"
    },
    "8848d304dca1425bacd21d0574493cccf851948b9e73937805e5a24441b3a662": {
      "reason": "npm lockfile integrity hash (sha512), not a secret",
      "example": "ui/package-lock.json:3055"
    },
    "8dd01619db61241edf659510934ec74a57523e510ef610b5a5f012f69932fd5a": {
      "reason": "npm lockfile integrity hash (sha512), not a secret",
      "example": "ui/package-lock.json:3069"
    },
    "e338e75c56645c35ca6d26cbbf8c9536caba9b1226c0047e1bc3cb88da6f466b": {
      "reason": "npm lockfile integrity hash (sha512), not a secret",
      "example": "ui/package-lock.json:3079"
    },
    "387cf771f15937ad695a1360696161944fba7cdb5787165ca02903393ade8a6f": {
      "reason": "npm lockfile integrity hash (sha512), not a secret",
      "example": "ui/package-lock.json:3086"
    },
    "0970c44c83498a19d18b4c38cddb5b9bc4ee1b11761c051909beba589fd9eb49": {
      "reason": "npm lockfile integrity hash (sha512), not a secret",
      "example": "ui/package-lock.json:3146"
    },
    "e9b4363cece702ce07025670f69716fa708b671127a12730b86c97aba7b166a3": {
      "reason": "npm lockfile integrity hash (sha512), not a secret",
      "example": "ui/package-lock.json:3161"
    },
    "5e4aba22b2ec6b825b07c0ac6cccd835c65f0029359fa50cf3525a02a1819687": {
      "reason": "npm lockfile integrity hash (sha512), not a secret",
      "example": "ui/package-lock.json:3177"
    },
    "78ecd3e0f4494ca88c3444983c9c75c6ffe8bd03f90aae9dae1ebfb3dea9787d": {
      "reason": "npm lockfile integrity hash (sha512), not a secret",
      "example": "ui/package-lock.json:3187"
    },
    "07f3681d9204ce18d4df3b8a37b27ec102a0ff4de48975d040254f9bc7aa7ed1": {
      "reason": "npm lockfile integrity hash (sha512), not a secret",
      "example": "ui/package-lock.json:3194"
    },
    "d3ff9e77c219906c4c81b3a3930d93df8e4ff1d3187ecf81c84d8280028b7203": {
      "reason": "npm lockfile integrity hash (sha512), not a secret",
      "example": "ui/package-lock.json:3204"
    }
  }
}
